   Γû▓ Next.js 15.3.5

   Creating an optimized production build ...
node.exe :  ΓÜá Compiled 
with warnings in 2000ms
At line:1 char:1
+ & "C:\Program 
Files\nodejs/node.exe" 
"C:\Program 
Files\nodejs/node_mo ...
+ ~~~~~~~~~~~~~~~~~~~~~~~~~
~~~~~~~~~~~~~~~~~~~~~~~~~~~
~~~~~~~~~~~~~~~~~
    + CategoryInfo         
     : NotSpecified: ( ΓÜ  
  á Compiled with warnin   
 gs in 2000ms:String) [    
], RemoteException
    + FullyQualifiedErrorI 
   d : NativeCommandError
 

./hooks/use-incidents-api.t
s
Attempted import error: 
'fetchAudit' is not 
exported from 
'@/mocks/api' (imported as 
'mockApi').

Import trace for requested 
module:
./hooks/use-incidents-api.t
s
./components/remediation/Re
mediationConsole.tsx

./hooks/use-incidents-api.t
s
Attempted import error: 
'fetchExecution' is not 
exported from 
'@/mocks/api' (imported as 
'mockApi').

Import trace for requested 
module:
./hooks/use-incidents-api.t
s
./components/remediation/Re
mediationConsole.tsx

./hooks/use-incidents-api.t
s
Attempted import error: 
'fetchAudit' is not 
exported from 
'@/mocks/api' (imported as 
'mockApi').

Import trace for requested 
module:
./hooks/use-incidents-api.t
s
./src/pages/debug.tsx

./hooks/use-incidents-api.t
s
Attempted import error: 
'fetchExecution' is not 
exported from 
'@/mocks/api' (imported as 
'mockApi').

Import trace for requested 
module:
./hooks/use-incidents-api.t
s
./src/pages/debug.tsx

./src/pages/debug.tsx
Attempted import error: 
'fetchAudit' is not 
exported from 
'@/mocks/api' (imported as 
'mockApi').

Import trace for requested 
module:
./src/pages/debug.tsx

./src/pages/debug.tsx
Attempted import error: 
'fetchExecution' is not 
exported from 
'@/mocks/api' (imported as 
'mockApi').

Import trace for requested 
module:
./src/pages/debug.tsx

./src/pages/debug.tsx
Attempted import error: 
'fetchExecution' is not 
exported from 
'@/mocks/api' (imported as 
'mockApi').

Import trace for requested 
module:
./src/pages/debug.tsx

./src/pages/debug.tsx
Attempted import error: 
'fetchAudit' is not 
exported from 
'@/mocks/api' (imported as 
'mockApi').

Import trace for requested 
module:
./src/pages/debug.tsx

./src/pages/debug.tsx
Attempted import error: 
'fetchAudit' is not 
exported from 
'@/mocks/api' (imported as 
'mockApi').

Import trace for requested 
module:
./src/pages/debug.tsx

 ΓÜá Compiled with 
warnings in 1000ms

./hooks/use-incidents-api.t
s
Attempted import error: 
'fetchAudit' is not 
exported from 
'@/mocks/api' (imported as 
'mockApi').

Import trace for requested 
module:
./hooks/use-incidents-api.t
s
./components/remediation/Re
mediationConsole.tsx

./hooks/use-incidents-api.t
s
Attempted import error: 
'fetchExecution' is not 
exported from 
'@/mocks/api' (imported as 
'mockApi').

Import trace for requested 
module:
./hooks/use-incidents-api.t
s
./components/remediation/Re
mediationConsole.tsx

./hooks/use-incidents-api.t
s
Attempted import error: 
'fetchAudit' is not 
exported from 
'@/mocks/api' (imported as 
'mockApi').

Import trace for requested 
module:
./hooks/use-incidents-api.t
s

./hooks/use-incidents-api.t
s
Attempted import error: 
'fetchExecution' is not 
exported from 
'@/mocks/api' (imported as 
'mockApi').

Import trace for requested 
module:
./hooks/use-incidents-api.t
s

./src/pages/debug.tsx
Attempted import error: 
'fetchAudit' is not 
exported from 
'@/mocks/api' (imported as 
'mockApi').

./src/pages/debug.tsx
Attempted import error: 
'fetchExecution' is not 
exported from 
'@/mocks/api' (imported as 
'mockApi').

./src/pages/debug.tsx
Attempted import error: 
'fetchExecution' is not 
exported from 
'@/mocks/api' (imported as 
'mockApi').

./src/pages/debug.tsx
Attempted import error: 
'fetchAudit' is not 
exported from 
'@/mocks/api' (imported as 
'mockApi').

./src/pages/debug.tsx
Attempted import error: 
'fetchAudit' is not 
exported from 
'@/mocks/api' (imported as 
'mockApi').

 Γ£ô Compiled successfully in 3.0s
   Linting and checking validity of types ...
Failed to compile.

./components/mocks/MockDebu
gPanel.tsx:135:68
Type error: Argument of 
type '"failure"' is not 
assignable to parameter of 
type '"success" | "fail"'.

[0m [90m 133 |[39m      
       [33m<[39m[33mbutt
on[39m[0m
[0m [90m 134 |[39m      
         
onClick[33m=[39m{() 
[33m=>[39m[0m
[0m[31m[1m>[22m[39m[9
0m 135 |[39m              
   requireIncidentId((id) 
[33m=>[39m forceExecution
Result(id[33m,[39m 
[32m"failure"[39m)) 
[90m// ΓåÉ was 
"fail"[39m[0m
[0m [90m     |[39m      
                           
                           
        
[31m[1m^[22m[39m[0m
[0m [90m 136 |[39m      
         }[0m
[0m [90m 137 |[39m      
         className[33m=[3
9m[32m"flex-1 bg-red-600 
p-1 rounded"[39m[0m
[0m [90m 138 |[39m      
       [33m>[39m[0m
Next.js build worker 
exited with code: 1 and 
signal: null
