
> hitl-remediation-console@0.1.0 test
> vitest --run

[33mThe CJS build of Vite's Node API is deprecated. See https://vite.dev/guide/troubleshooting.html#vite-cjs-node-api-deprecated for more details.[39m

[7m[1m[36m RUN [39m[22m[27m [36mv1.6.1[39m [90mC:/Users/bikrams/juno-labs/HITL-UI/frontend[39m

 [32m✓[39m __tests__/components.test.ts [2m ([22m[2m37 tests[22m[2m)[22m[90m 20[2mms[22m[39m
 [32m✓[39m __tests__/SeverityBadge.test.tsx [2m ([22m[2m1 test[22m[2m)[22m[90m 72[2mms[22m[39m
 [32m✓[39m __tests__/ThemeToggle.test.tsx [2m ([22m[2m1 test[22m[2m)[22m[90m 111[2mms[22m[39m
 [32m✓[39m __tests__/ActionButtons.test.tsx [2m ([22m[2m3 tests[22m[2m)[22m[90m 184[2mms[22m[39m
 [32m✓[39m __tests__/RemediationTable.test.tsx [2m ([22m[2m1 test[22m[2m)[22m[90m 125[2mms[22m[39m
[90mstderr[2m | __tests__/incidentPanel.test.tsx[2m > [22m[2mIncidentPanel[2m > [22m[2mrenders panel and copies command[22m[39m
Warning: An update to IncidentPanel inside a test was not wrapped in act(...).

When testing, code that causes React state updates should be wrapped into act(...):

act(() => {
  /* fire events that update state */
});
/* assert on the output */

This ensures that you're testing the behavior the user would see in the browser. Learn more at https://reactjs.org/link/wrap-tests-with-act
    at IncidentPanel (C:\Users\bikrams\juno-labs\HITL-UI\frontend\components\remediation\IncidentPanel.tsx:7:3)

 [32m✓[39m __tests__/incidentPanel.test.tsx [2m ([22m[2m1 test[22m[2m)[22m[33m 403[2mms[22m[39m
[90mstderr[2m | __tests__/debug.test.tsx[2m > [22m[2minject incident appears and force execution works[22m[39m
Warning: Each child in a list should have a unique "key" prop.

Check the render method of `DebugPage`. See https://reactjs.org/link/warning-keys for more information.
    at li
    at DebugPage (C:\Users\bikrams\juno-labs\HITL-UI\frontend\src\pages\debug.tsx:16:36)
    at Suspense
    at QueryClientProvider (file:///C:/Users/bikrams/juno-labs/HITL-UI/frontend/node_modules/@tanstack/react-query/build/modern/QueryClientProvider.js:20:3)

 [32m✓[39m __tests__/StatusBadge.test.tsx [2m ([22m[2m1 test[22m[2m)[22m[90m 39[2mms[22m[39m
 [33m❯[39m __tests__/debug.test.tsx [2m ([22m[2m2 tests[22m [2m|[22m [31m1 failed[39m[2m)[22m[33m 1808[2mms[22m[39m
[31m   [33m❯[31m __tests__/debug.test.tsx[2m > [22minject incident appears and force execution works[39m
[31m     → Unable to find an element with the text: /execution:forced/. This could be because the text is broken up by multiple elements. In this case, you can provide a function for your text matcher to make your matcher more flexible.

Ignored nodes: comments, script, style
[36m<body>[31m
  [36m<div>[31m
    [36m<div[31m
      [33mclass[31m=[32m"p-6 max-w-screen-lg mx-auto"[31m
    [36m>[31m
      [36m<h2[31m
        [33mclass[31m=[32m"text-xl font-bold mb-4"[31m
      [36m>[31m
        [0mSimulation Control Center (Dev)[0m
      [36m</h2>[31m
      [36m<div[31m
        [33mclass[31m=[32m"grid grid-cols-2 gap-4"[31m
      [36m>[31m
        [36m<div[31m
          [33mclass[31m=[32m"glass p-4 rounded border"[31m
        [36m>[31m
          [36m<h3[31m
            [33mclass[31m=[32m"font-semibold mb-2"[31m
          [36m>[31m
            [0mSystem Controls[0m
          [36m</h3>[31m
          [36m<label[31m
            [33mclass[31m=[32m"block text-sm mb-2"[31m
          [36m>[31m
            [0mFailure rate: [0m
            [0m0[0m
            [0m%[0m
          [36m</label>[31m
          [36m<input[31m
            [33mmax[31m=[32m"1"[31m
            [33mmin[31m=[32m"0"[31m
            [33mstep[31m=[32m"0.01"[31m
            [33mtype[31m=[32m"range"[31m
            [33mvalue[31m=[32m"0"[31m
          [36m/>[31m
          [36m<div[31m
            [33mclass[31m=[32m"flex items-center gap-2 mt-2"[31m
          [36m>[31m
            [36m<label[31m
              [33mclass[31m=[32m"flex items-center gap-2"[31m
            [36m>[31m
              [0mEnable failures[0m
              [36m<input[31m
                [33mtype[31m=[32m"checkbox"[31m
              [36m/>[31m
            [36m</label>[31m
          [36m</div>[31m
          [36m<div[31m
            [33mclass[31m=[32m"mt-4"[31m
          [36m>[31m
            [36m<label[31m
              [33mclass[31m=[32m"block text-sm"[31m
            [36m>[31m
              [0mPolling interval (ms)[0m
            [36m</label>[31m
            [36m<input[31m
              [33mclass[31m=[32m"w-32 p-1 border rounded mt-1"[31m
              [33mtype[31m=[32m"number"[31m
              [33mvalue[31m=[32m"5000"[31m
            [36m/>[31m
            [36m<div[31m
              [33mclass[31m=[32m"text-xs text-muted-foreground mt-1"[31m
            [36m>[31m
              [0mAuto-refresh uses this interval when enabled.[0m
            [36m</div>[31m
          [36m</div>[31m
        [36m</div>[31m
        [36m<div[31m
          [33mclass[31m=[32m"glass p-4 rounded border"[31m
        [36m>[31m
          [36m<h3[31m
            [33mclass[31m=[32m"font-semibold mb-2"[31m
          [36m>[31m
            [0mInject Incident[0m
          [36m</h3>[31m
          [36m<form[31m
            [33mclass[31m=[32m"grid gap-2"[31m
          [36m>[31m
            [36m<input[31m
              [33mclass[31m=[32m"p-2 border rounded"[31m
              [33mname[31m=[32m"anomalyName"[31m
              [33mplaceholder[31m=[32m"Anomaly Name"[31m
            [36m/>[31m
            [36m<input[31m
              [33mclass[31m=[32m"p-2 border rounded"[31m
              [33mname[31m=[32m"resource"[31m
              [33mplaceholder[31m=[32m"Resource"[31m
            [36m/>[31m
            [36m<select[31m
              [33mclass[31m=[32m"p-2 border rounded"[31m
              [33mname[31m=[32m"severity"[31m
            [36m>[31m
              [36m<option>[31m
                [0mLow[0m
              [36m</option>[31m
              [36m<option>[31m
                [0mMedium[0m
              [36m</option>[31m
              [36m<option>[31m
                [0mHigh[0m
              [36m</option>[31m
              [36m<option>[31m
                [0mCritical[0m
              [36m</option>[31m
            [36m</select>[31m
            [36m<input[31m
              [33mclass[31m=[32m"p-2 border rounded"[31m
              [33mmax[31m=[32m"100"[31m
              [33mmin[31m=[32m"0"[31m
              [33mname[31m=[32m"confidence"[31m
              [33mtype[31m=[32m"number"[31m
              [33mvalue[31m=[32m"50"[31m
            [36m/>[31m
            [36m<input[31m
              [33mclass[31m=[32m"p-2 border rounded"[31m
              [33mname[31m=[32m"command"[31m
              [33mplaceholder[31m=[32m"Command"[31m
            [36m/>[31m
            [36m<textarea[31m
              [33mclass[31m=[32m"p-2 border rounded"[31m
              [33mname[31m=[32m"description"[31m
              [33mplaceholder[31m=[32m"Description"[31m
            [36m/>[31m
            [36m<div[31m
              [33mclass[31m=[32m"flex gap-2"[31m
            [36m>[31m
              [36m<button[31m
                [33mclass[31m=[32m"btn"[31m
                [33mtype[31m=[32m"submit"[31m
              [36m>[31m
                [0mInject[0m
              [36m</button>[31m
              [36m<button[31m
                [33mclass[31m=[32m"btn"[31m
                [33mtype[31m=[32m"button"[31m
              [36m>[31m
                [0mReset Data[0m
              [36m</button>[31m
            [36m</div>[31m
          [36m</form>[31m
        [36m</div>[31m
        [36m<div[31m
          [33mclass[31m=[32m"glass p-4 rounded border col-span-1"[31m
        [36m>[31m
          [36m<h3[31m
            [33mclass[31m=[32m"font-semibold mb-2"[31m
          [36m>[31m
            [0mIncidents Snapshot[0m
          [36m</h3>[31m
          [36m<div[31m
            [33mclass[31m=[32m"max-h-72 overflow-auto"[31m
          [36m>[31m
            [36m<ul>[31m
              [36m<li[31m
                [33mclass[31m=[32m"p-2 border-b cursor-pointer flex justify-between"[31m
              [36m>[31m
                [36m<div>[31m
                  [36m<div[31m
                    [33mclass[31m=[32m"font-medium"[31m
                  [36m>[31m
                    [0mTest Injected Anomaly[0m
                  [36m</div>[31m
                  [36m<div[31m
                    [33mclass[31m=[32m"text-xs text-muted-foreground"[31m
                  [36m>[31m
                    [0mtest-node[0m
                  [36m</div>[31m
                [36m</div>[31m
                [36m<div[31m
                  [33mclass[31m=[32m"text-right"[31m
                [36m>[31m
                  [36m<div[31m
                    [33mclass[31m=[32m"text-sm"[31m
                  [36m>[31m
                    [0mPending[0m
                  [36m</div>[31m
                  [36m<div[31m
                    [33mclass[31m=[32m"text-xs"[31m
                  [36m>[31m
                    [0mLow[0m
                  [36m</div>[31m
                [36m</div>[31m
              [36m</li>[31m
              [36m<li[31m
                [33mclass[31m=[32m"p-2 border-b cursor-pointer flex justify-between"[31m
              [36m>[31m
                [36m<div>[31m
                  [36m<div[31m
                    [33mclass[31m=[32m"font-medium"[31m
                  [36m>[31m
                    [0mHigh CPU Usage[0m
                  [36m</div>[31m
                  [36m<div[31m
                    [33mclass[31m=[32m"text-xs text-muted-foreground"[31m
                  [36m>[31m
                    [0mvm-prod-01[0m
                  [36m</div>[31m
                [36m</div>[31m
                [36m<div[31m
                  [33mclass[31m=[32m"text-right"[31m
                [36m>[31m
                  [36m<div[31m
                    [33mclass[31m=[32m"text-sm"[31m
                  [36m>[31m
                    [0mPending[0m
                  [36m</div>[31m
                  [36m<div[31m
                    [33mclass[31m=[32m"text-xs"[31m
                  [36m>[31m
                    [0mHigh[0m
                  [36m</div>[31m
                [36m</div>[31m
              [36m</li>[31m
              [36m<li[31m
                [33mclass[31m=[32m"p-2 border-b cursor-pointer flex justify-between"[31m
              [36m>[31m
                [36m<div>[31m
                  [36m<div[31m
                    [33mclass[31m=[32m"font-medium"[31m
                  [36m>[31m
                    [0mMemory Leak Detected[0m
                  [36m</div>[31m
                  [36m<div[31m
                    [33mclass[31m=[32m"text-xs text-muted-foreground"[31m
                  [36m>[31m
                    [0mservice-payments-2[0m
                  [36m</div>[31m
                [36m</div>[31m
                [36m<div[31m
                  [33mclass[31m=[32m"text-right"[31m
                [36m>[31m
                  [36m<div[31m
                    [33mclass[31m=[32m"text-sm"[31m
                  [36m>[31m
                    [0mPending[0m
                  [36m</div>[31m
                  [36m<div[31m
                    [33mclass[31m=[32m"text-xs"[31m
                  [36m>[31m
                    [0mCritical[0m
                  [36m</div>[31m
                [36m</div>[31m
              [36m</li>[31m
              [36m<li[31m
                [33mclass[31m=[32m"p-2 border-b cursor-pointer flex justify-between"[31m
              [36m>[31m
                [36m<div>[31m
                  [36m<div[31m
                    [33mclass[31m=[32m"font-medium"[31m
                  [36m>[31m
                    [0mDisk Almost Full[0m
                  [36m</div>[31m
                  [36m<div[31m
                    [33mclass[31m=[32m"text-xs text-muted-foreground"[31m
                  [36m>[31m
                    [0mdb-node-03[0m
                  [36m</div>[31m
                [36m</div>[31m
                [36m<div[31m
                  [33mclass[31m=[32m"text-right"[31m
                [36m>[31m
                  [36m<div[31m
                    [33mclass[31m=[32m"text-sm"[31m
                  [36m>[31m
                    [0mPending[0m
                  [36m</div>[31m
                  [36m<div[31m
                    [33mclass[31m=[32m"text-xs"[31m
                  [36m>[31m
                    [0mMedium[0m
                  [36m</div>[31m
                [36m</div>[31m
              [36m</li>[31m
              [36m<li[31m
                [33mclass[31m=[32m"p-2 border-b cursor-pointer flex justify-between"[31m
              [36m>[31m
                [36m<div>[31m
                  [36m<div[31m
                    [33mclass[31m=[32m"font-medium"[31m
                  [36m>[31m
                    [0mPod CrashLoopBackOff[0m
                  [36m</div>[31m
                  [36m<div[31m
                    [33mclass[31m=[32m"text-xs text-muted-foreground"[31m
                  [36m>[31m
                    [0mk8s/payment-api-7f8b9[0m
                  [36m</div>[31m
                [36m</div>[31m
                [36m<div[31m
                  [33mclass[31m=[32m"text-right"[31m
                [36m>[31m
                  [36m<div[31m
                    [33mclass[31m=[32m"text-sm"[31m
                  [36m>[31m
                    [0mPending[0m
                  [36m</div>[31m
                  [36m<div[31m
                    [33mclass[31m=[32m"text-xs"[31m
                  [36m>[31m
                    [0mHigh[0m
                  [36m</div>[31m
                [36m</div>[31m
              [36m</li>[31m
              [36m<li[31m
                [33mclass[31m=[32m"p-2 border-b cursor-pointer flex justify-between"[31m
              [36m>[31m
                [36m<div>[31m
                  [36m<div[31m
                    [33mclass[31m=[32m"font-medium"[31m
                  [36m>[31m
                    [0mNetwork Latency Spike[0m
                  [36m</div>[31m
                  [36m<div[31m
                    [33mclass[31m=[32m"text-xs text-muted-foreground"[31m
                  [36m>[31m
                    [0mus-east-1-router-2[0m
                  [36m</div>[31m
                [36m</div>[31m
                [36m<div[31m
                  [33mclass[31m=[32m"text-right"[31m
                [36m>[31m
                  [36m<div[31m
                    [33mclass[31m=[32m"text-sm"[31m
                  [36m>[31m
                    [0mPending[0m
                  [36m</div>[31m
                  [36m<div[31m
                    [33mclass[31m=[32m"text-xs"[31m
                  [36m>[31m
                    [0mMedium[0m
                  [36m</div>[31m
                [36m</div>[31m
              [36m</li>[31m
              [36m<li[31m
                [33mclass[31m=[32m"p-2 border-b cursor-pointer flex justify-between"[31m
              [36m>[31m
                [36m<div>[31m
                  [36m<div[31m
                    [33mclass[31m=[32m"font-medium"[31m
                  [36m>[31m
                    [0mUnauthorized Access Attempt[0m
                  [36m</div>[31m
                  [36m<div[31m
                    [33mclass[31m=[32m"text-xs text-muted-foreground"[31m
                  [36m>[31m
                    [0mauth-gateway[0m
                  [36m</div>[31m
                [36m</div>[31m
                [36m<div[31m
                  [33mclass[31m=[32m"text-right"[31m
                [36m>[31m
                  [36m<div[31m
                    [33mclass[31m=[32m"text-sm"[31m
                  [36m>[31m
                    [0mPending[0m
                  [36m</div>[31m
                  [36m<div[31m
                    [33mclass[31m=[32m"text-xs"[31m
                  [36m>[31m
                    [0mCritical[0m
                  [36m</div>[31m
                [36m</div>[31m
              [36m</li>[31m
              [36m<li[31m
                [33mclass[31m=[32m"p-2 border-b cursor-pointer flex justify-between"[31m
              [36m>[31m
                [36m<div>[31m
                  [36m<div[31m
                    [33mclass[31m=[32m"font-medium"[31m
                  [36m>[31m
                    [0mHigh Garbage Collection[0m
                  [36m</div>[31m
                  [36m<div[31m
                    [33mclass[31m=[32m"text-xs text-muted-foreground"[31m
                  [36m>[31m
                    [0mjava-app-4[0m
                  [36m</div>[31m
                [36m</div>[31m
                [36m<div[31m
                  [33mclass[31m=[32m"text-right"[31m
                [36m>[31m
                  [36m<div[31m
                    [33mclass[31m=[32m"text-sm"[31m
                  [36m>[31m
                    [0mPending[0m
                  [36m</div>[31m
                  [36m<div[31m
                    [33mclass[31m=[32m"text-xs"[31m
                  [36m>[31m
                    [0mLow[0m
                  [36m</div>[31m
                [36m</div>[31m
              [36m</li>[31m
              [36m<li[31m
                [33mclass[31m=[32m"p-2 border-b cursor-pointer flex justify-between"[31m
              [36m>[31m
                [36m<div>[31m
                  [36m<div[31m
                    [33mclass[31m=[32m"font-medium"[31m
                  [36m>[31m
                    [0mDatabase Connection Errors[0m
                  [36m</div>[31m
                  [36m<div[31m
                    [33mclass[31m=[32m"text-xs text-muted-foreground"[31m
                  [36m>[31m
                    [0morders-db-cluster[0m
                  [36m</div>[31m
                [36m</div>[31m
                [36m<div[31m
                  [33mclass[31m=[32m"text-right"[31m
                [36m>[31m
                  [36m<div[31m
                    [33mclass[31m=[32m"text-sm"[31m
                  [36m>[31m
                    [0mPending[0m
                  [36m</div>[31m
                  [36m<div[31m
                    [33mclass[31m=[32m"text-xs"[31m
                  [36m>[31m
                    [0mHigh[0m
                  [36m</div>[31m
                [36m</div>[31m
              [36m</li>[31m
              [36m<li[31m
                [33mclass[31m=[32m"p-2 border-b cursor-pointer flex justify-between"[31m
              [36m>[31m
                [36m<div>[31m
                  [36m<div[31m
                    [33mclass[31m=[32m"font-medium"[31m
                  [36m>[31m
                    [0mFilesystem I/O Wait[0m
                  [36m</div>[31m
                  [36m<div[31m
                    [33mclass[31m=[32m"text-xs text-muted-foreground"[31m
                  [36m>[31m
                    [0mstorage-node-12[0m
                  [36m</div>[31m
                [36m</div>[31m
                [36m<div[31m
                  [33mclass[31m=[32m"text-right"[31m
                [36m>[31m
                  [36m<div[31m
                    [33mclass[31m=[32m"text-sm"[31m
                  [36m>[31m
                    [0mPending[0m
                  [36m</div>[31m
                  [36m<div[31m
                    [33mclass[31m=[32m"text-xs"[31m
                  [36m>[31m
                    [0mMedium[0m
                  [36m</div>[31m
                [36m</div>[31m
              [36m</li>[31m
              [36m<li[31m
                [33mclass[31m=[32m"p-2 border-b cursor-pointer flex justify-between"[31m
              [36m>[31m
                [36m<div>[31m
                  [36m<div[31m
                    [33mclass[31m=[32m"font-medium"[31m
                  [36m>[31m
                    [0mService Throttling[0m
                  [36m</div>[31m
                  [36m<div[31m
                    [33mclass[31m=[32m"text-xs text-muted-foreground"[31m
                  [36m>[31m
                    [0mapi-gateway[0m
                  [36m</div>[31m
                [36m</div>[31m
                [36m<div[31m
                  [33mclass[31m=[32m"text-right"[31m
                [36m>[31m
                  [36m<div[31m
                    [33mclass[31m=[32m"text-sm"[31m
                  [36m>[31m
                    [0mPending[0m
                  [36m</div>[31m
                  [36m<div[31m
                    [33mclass[31m=[32m"text-xs"[31m
                  [36m>[31m
                    [0mHigh[0m
                  [36m</div>[31m
                [36m</div>[31m
              [36m</li>[31m
            [36m</ul>[31m
          [36m</div>[31m
        [36m</div>[31m
        [36m<div[31m
          [33mclass[31m=[32m"glass p-4 rounded border col-span-1"[31m
        [36m>[31m
          [36m<h3[31m
            [33mclass[31m=[32m"font-semibold mb-2"[31m
          [36m>[31m
            [0mExecution / Audit[0m
          [36m</h3>[31m
          [36m<div[31m
            [33mclass[31m=[32m"mb-2"[31m
          [36m>[31m
            [0mSelected: [0m
            [0m—[0m
          [36m</div>[31m
          [36m<div[31m
            [33mclass[31m=[32m"flex gap-2 mb-2"[31m
          [36m>[31m
            [36m<button[31m
              [33mclass[31m=[32m"btn"[31m
              [33mdisabled[31m=[32m""[31m
            [36m>[31m
              [0mForce Success[0m
            [36m</button>[31m
            [36m<button[31m
              [33mclass[31m=[32m"btn"[31m
              [33mdisabled[31m=[32m""[31m
            [36m>[31m
              [0mForce Failure[0m
            [36m</button>[31m
            [36m<button[31m
              [33mclass[31m=[32m"btn"[31m
              [33mdisabled[31m=[32m""[31m
            [36m>[31m
              [0mReset[0m
            [36m</button>[31m
          [36m</div>[31m
          [36m<div[31m
            [33mclass[31m=[32m"text-sm font-medium"[31m
          [36m>[31m
            [0mExecution Steps[0m
          [36m</div>[31m
          [36m<div[31m
            [33mclass[31m=[32m"max-h-36 overflow-auto text-xs mt-2"[31m
          [36m>[31m
            [36m<div[31m
              [33mclass[31m=[32m"italic"[31m
            [36m>[31m
              [0mNo execution steps[0m
            [36m</div>[31m
          [36m</div>[31m
        [36m</div>[31m
        [36m<div[31m
          [33mclass[31m=[32m"glass p-4 rounded border col-span-2"[31m
        [36m>[31m
          [36m<h3[31m
            [33mclass[31m=[32m"font-semibold mb-2"[31m
          [36m>[31m
            [0mRecent Audit Logs[0m
          [36m</h3>[31m
          [36m<div[31m
            [33mclass[31m=[32m"max-h-40 overflow-auto text-xs"[31m
          [36m>[31m
            [36m<div[31m
              [33mclass[31m=[32m"italic"[31m
            [36m>[31m
              [0mNo audit logs[0m
            [36m</div>[31m
          [36m</div>[31m
        [36m</div>[31m
      [36m</div>[31m
    [36m</div>[31m
  [36m</div>[31m
[36m</body>[31m

Ignored nodes: comments, script, style
[36m<html>[31m
  [36m<head />[31m
  [36m<body>[31m
    [36m<div>[31m
      [36m<div[31m
        [33mclass[31m=[32m"p-6 max-w-screen-lg mx-auto"[31m
      [36m>[31m
        [36m<h2[31m
          [33mclass[31m=[32m"text-xl font-bold mb-4"[31m
        [36m>[31m
          [0mSimulation Control Center (Dev)[0m
        [36m</h2>[31m
        [36m<div[31m
          [33mclass[31m=[32m"grid grid-cols-2 gap-4"[31m
        [36m>[31m
          [36m<div[31m
            [33mclass[31m=[32m"glass p-4 rounded border"[31m
          [36m>[31m
            [36m<h3[31m
              [33mclass[31m=[32m"font-semibold mb-2"[31m
            [36m>[31m
              [0mSystem Controls[0m
            [36m</h3>[31m
            [36m<label[31m
              [33mclass[31m=[32m"block text-sm mb-2"[31m
            [36m>[31m
              [0mFailure rate: [0m
              [0m0[0m
              [0m%[0m
            [36m</label>[31m
            [36m<input[31m
              [33mmax[31m=[32m"1"[31m
              [33mmin[31m=[32m"0"[31m
              [33mstep[31m=[32m"0.01"[31m
              [33mtype[31m=[32m"range"[31m
              [33mvalue[31m=[32m"0"[31m
            [36m/>[31m
            [36m<div[31m
              [33mclass[31m=[32m"flex items-center gap-2 mt-2"[31m
            [36m>[31m
              [36m<label[31m
                [33mclass[31m=[32m"flex items-center gap-2"[31m
              [36m>[31m
                [0mEnable failures[0m
                [36m<input[31m
                  [33mtype[31m=[32m"checkbox"[31m
                [36m/>[31m
              [36m</label>[31m
            [36m</div>[31m
            [36m<div[31m
              [33mclass[31m=[32m"mt-4"[31m
            [36m>[31m
              [36m<label[31m
                [33mclass[31m=[32m"block text-sm"[31m
              [36m>[31m
                [0mPolling interval (ms)[0m
              [36m</label>[31m
              [36m<input[31m
                [33mclass[31m=[32m"w-32 p-1 border rounded mt-1"[31m
                [33mtype[31m=[32m"number"[31m
                [33mvalue[31m=[32m"5000"[31m
              [36m/>[31m
              [36m<div[31m
                [33mclass[31m=[32m"text-xs text-muted-foreground mt-1"[31m
              [36m>[31m
                [0mAuto-refresh uses this interval when enabled.[0m
              [36m</div>[31m
            [36m</div>[31m
          [36m</div>[31m
          [36m<div[31m
            [33mclass[31m=[32m"glass p-4 rounded border"[31m
          [36m>[31m
            [36m<h3[31m
              [33mclass[31m=[32m"font-semibold mb-2"[31m
            [36m>[31m
              [0mInject Incident[0m
            [36m</h3>[31m
            [36m<form[31m
              [33mclass[31m=[32m"grid gap-2"[31m
            [36m>[31m
              [36m<input[31m
                [33mclass[31m=[32m"p-2 border rounded"[31m
                [33mname[31m=[32m"anomalyName"[31m
                [33mplaceholder[31m=[32m"Anomaly Name"[31m
              [36m/>[31m
              [36m<input[31m
                [33mclass[31m=[32m"p-2 border rounded"[31m
                [33mname[31m=[32m"resource"[31m
                [33mplaceholder[31m=[32m"Resource"[31m
              [36m/>[31m
              [36m<select[31m
                [33mclass[31m=[32m"p-2 border rounded"[31m
                [33mname[31m=[32m"severity"[31m
              [36m>[31m
                [36m<option>[31m
                  [0mLow[0m
                [36m</option>[31m
                [36m<option>[31m
                  [0mMedium[0m
                [36m</option>[31m
                [36m<option>[31m
                  [0mHigh[0m
                [36m</option>[31m
                [36m<option>[31m
                  [0mCritical[0m
                [36m</option>[31m
              [36m</select>[31m
              [36m<input[31m
                [33mclass[31m=[32m"p-2 border rounded"[31m
                [33mmax[31m=[32m"100"[31m
                [33mmin[31m=[32m"0"[31m
                [33mname[31m=[32m"confidence"[31m
                [33mtype[31m=[32m"number"[31m
                [33mvalue[31m=[32m"50"[31m
              [36m/>[31m
              [36m<input[31m
                [33mclass[31m=[32m"p-2 border rounded"[31m
                [33mname[31m=[32m"command"[31m
                [33mplaceholder[31m=[32m"Command"[31m
              [36m/>[31m
              [36m<textarea[31m
                [33mclass[31m=[32m"p-2 border rounded"[31m
                [33mname[31m=[32m"description"[31m
                [33mplaceholder[31m=[32m"Description"[31m
              [36m/>[31m
              [36m<div[31m
                [33mclass[31m=[32m"flex gap-2"[31m
              [36m>[31m
                [36m<button[31m
                  [33mclass[31m=[32m"btn"[31m
                  [33mtype[31m=[32m"submit"[31m
                [36m>[31m
                  [0mInject[0m
                [36m</button>[31m
                [36m<button[31m
                  [33mclass[31m=[32m"btn"[31m
                  [33mtype[31m=[32m"button"[31m
                [36m>[31m
                  [0mReset Data[0m
                [36m</button>[31m
              [36m</div>[31m
            [36m</form>[31m
          [36m</div>[31m
          [36m<div[31m
            [33mclass[31m=[32m"glass p-4 rounded border col-span-1"[31m
          [36m>[31m
            [36m<h3[31m
              [33mclass[31m=[32m"font-semibold mb-2"[31m
            [36m>[31m
              [0mIncidents Snapshot[0m
            [36m</h3>[31m
            [36m<div[31m
              [33mclass[31m=[32m"max-h-72 overflow-auto"[31m
            [36m>[31m
              [36m<ul>[31m
                [36m<li[31m
                  [33mclass[31m=[32m"p-2 border-b cursor-pointer flex justify-between"[31m
                [36m>[31m
                  [36m<div>[31m
                    [36m<div[31m
                      [33mclass[31m=[32m"font-medium"[31m
                    [36m>[31m
                      [0mTest Injected Anomaly[0m
                    [36m</div>[31m
                    [36m<div[31m
                      [33mclass[31m=[32m"text-xs text-muted-foreground"[31m
                    [36m>[31m
                      [0mtest-node[0m
                    [36m</div>[31m
                  [36m</div>[31m
                  [36m<div[31m
                    [33mclass[31m=[32m"text-right"[31m
                  [36m>[31m
                    [36m<div[31m
                      [33mclass[31m=[32m"text-sm"[31m
                    [36m>[31m
                      [0mPending[0m
                    [36m</div>[31m
                    [36m<div[31m
                      [33mclass[31m=[32m"text-xs"[31m
                    [36m>[31m
                      [0mLow[0m
                    [36m</div>[31m
                  [36m</div>[31m
                [36m</li>[31m
                [36m<li[31m
                  [33mclass[31m=[32m"p-2 border-b cursor-pointer flex justify-between"[31m
                [36m>[31m
                  [36m<div>[31m
                    [36m<div[31m
                      [33mclass[31m=[32m"font-medium"[31m
                    [36m>[31m
                      [0mHigh CPU Usage[0m
                    [36m</div>[31m
                    [36m<div[31m
                      [33mclass[31m=[32m"text-xs text-muted-foreground"[31m
                    [36m>[31m
                      [0mvm-prod-01[0m
                    [36m</div>[31m
                  [36m</div>[31m
                  [36m<div[31m
                    [33mclass[31m=[32m"text-right"[31m
                  [36m>[31m
                    [36m<div[31m
                      [33mclass[31m=[32m"text-sm"[31m
                    [36m>[31m
                      [0mPending[0m
                    [36m</div>[31m
                    [36m<div[31m
                      [33mclass[31m=[32m"text-xs"[31m
                    [36m>[31m
                      [0mHigh[0m
                    [36m</div>[31m
                  [36m</div>[31m
                [36m</li>[31m
                [36m<li[31m
                  [33mclass[31m=[32m"p-2 border-b cursor-pointer flex justify-between"[31m
                [36m>[31m
                  [36m<div>[31m
                    [36m<div[31m
                      [33mclass[31m=[32m"font-medium"[31m
                    [36m>[31m
                      [0mMemory Leak Detected[0m
                    [36m</div>[31m
                    [36m<div[31m
                      [33mclass[31m=[32m"text-xs text-muted-foreground"[31m
                    [36m>[31m
                      [0mservice-payments-2[0m
                    [36m</div>[31m
                  [36m</div>[31m
                  [36m<div[31m
                    [33mclass[31m=[32m"text-right"[31m
                  [36m>[31m
                    [36m<div[31m
                      [33mclass[31m=[32m"text-sm"[31m
                    [36m>[31m
                      [0mPending[0m
                    [36m</div>[31m
                    [36m<div[31m
                      [33mclass[31m=[32m"text-xs"[31m
                    [36m>[31m
                      [0mCritical[0m
                    [36m</div>[31m
                  [36m</div>[31m
                [36m</li>[31m
                [36m<li[31m
                  [33mclass[31m=[32m"p-2 border-b cursor-pointer flex justify-between"[31m
                [36m>[31m
                  [36m<div>[31m
                    [36m<div[31m
                      [33mclass[31m=[32m"font-medium"[31m
                    [36m>[31m
                      [0mDisk Almost Full[0m
                    [36m</div>[31m
                    [36m<div[31m
                      [33mclass[31m=[32m"text-xs text-muted-foreground"[31m
                    [36m>[31m
                      [0mdb-node-03[0m
                    [36m</div>[31m
                  [36m</div>[31m
                  [36m<div[31m
                    [33mclass[31m=[32m"text-right"[31m
                  [36m>[31m
                    [36m<div[31m
                      [33mclass[31m=[32m"text-sm"[31m
                    [36m>[31m
                      [0mPending[0m
                    [36m</div>[31m
                    [36m<div[31m
                      [33mclass[31m=[32m"text-xs"[31m
                    [36m>[31m
                      [0mMedium[0m
                    [36m</div>[31m
                  [36m</div>[31m
                [36m</li>[31m
                [36m<li[31m
                  [33mclass[31m=[32m"p-2 border-b cursor-pointer flex justify-between"[31m
                [36m>[31m
                  [36m<div>[31m
                    [36m<div[31m
                      [33mclass[31m=[32m"font-medium"[31m
                    [36m>[31m
                      [0mPod CrashLoopBackOff[0m
                    [36m</div>[31m
                    [36m<div[31m
                      [33mclass[31m=[32m"text-xs text-muted-foreground"[31m
                    [36m>[31m
                      [0mk8s/payment-api-7f8b9[0m
                    [36m</div>[31m
                  [36m</div>[31m
                  [36m<div[31m
                    [33mclass[31m=[32m"text-right"[31m
                  [36m>[31m
                    [36m<div[31m
                      [33mclass[31m=[32m"text-sm"[31m
                    [36m>[31m
                      [0mPending[0m
                    [36m</div>[31m
                    [36m<div[31m
                      [33mclass[31m=[32m"text-xs"[31m
                    [36m>[31m
                      [0mHigh[0m
                    [36m</div>[31m
                  [36m</div>[31m
                [36m</li>[31m
                [36m<li[31m
                  [33mclass[31m=[32m"p-2 border-b cursor-pointer flex justify-between"[31m
                [36m>[31m
                  [36m<div>[31m
                    [36m<div[31m
                      [33mclass[31m=[32m"font-medium"[31m
                    [36m>[31m
                      [0mNetwork Latency Spike[0m
                    [36m</div>[31m
                    [36m<div[31m
                      [33mclass[31m=[32m"text-xs text-muted-foreground"[31m
                    [36m>[31m
                      [0mus-east-1-router-2[0m
                    [36m</div>[31m
                  [36m</div>[31m
                  [36m<div[31m
                    [33mclass[31m=[32m"text-right"[31m
                  [36m>[31m
                    [36m<div[31m
                      [33mclass[31m=[32m"text-sm"[31m
                    [36m>[31m
                      [0mPending[0m
                    [36m</div>[31m
                    [36m<div[31m
                      [33mclass[31m=[32m"text-xs"[31m
                    [36m>[31m
                      [0mMedium[0m
                    [36m</div>[31m
                  [36m</div>[31m
                [36m</li>[31m
                [36m<li[31m
                  [33mclass[31m=[32m"p-2 border-b cursor-pointer flex justify-between"[31m
                [36m>[31m
                  [36m<div>[31m
                    [36m<div[31m
                      [33mclass[31m=[32m"font-medium"[31m
                    [36m>[31m
                      [0mUnauthorized Access Attempt[0m
                    [36m</div>[31m
                    [36m<div[31m
                      [33mclass[31m=[32m"text-xs text-muted-foreground"[31m
                    [36m>[31m
                      [0mauth-gateway[0m
                    [36m</div>[31m
                  [36m</div>[31m
                  [36m<div[31m
                    [33mclass[31m=[32m"text-right"[31m
                  [36m>[31m
                    [36m<div[31m
                      [33mclass[31m=[32m"text-sm"[31m
                    [36m>[31m
                      [0mPending[0m
                    [36m</div>[31m
                    [36m<div[31m
                      [33mclass[31m=[32m"text-xs"[31m
                    [36m>[31m
                      [0mCritical[0m
                    [36m</div>[31m
                  [36m</div>[31m
                [36m</li>[31m
                [36m<li[31m
                  [33mclass[31m=[32m"p-2 border-b cursor-pointer flex justify-between"[31m
                [36m>[31m
                  [36m<div>[31m
                    [36m<div[31m
                      [33mclass[31m=[32m"font-medium"[31m
                    [36m>[31m
                      [0mHigh Garbage Collection[0m
                    [36m</div>[31m
                    [36m<div[31m
                      [33mclass[31m=[32m"text-xs text-muted-foreground"[31m
                    [36m>[31m
                      [0mjava-app-4[0m
                    [36m</div>[31m
                  [36m</div>[31m
                  [36m<div[31m
                    [33mclass[31m=[32m"text-right"[31m
                  [36m>[31m
                    [36m<div[31m
                      [33mclass[31m=[32m"text-sm"[31m
                    [36m>[31m
                      [0mPending[0m
                    [36m</div>[31m
                    [36m<div[31m
                      [33mclass[31m=[32m"text-xs"[31m
                    [36m>[31m
                      [0mLow[0m
                    [36m</div>[31m
                  [36m</div>[31m
                [36m</li>[31m
                [36m<li[31m
                  [33mclass[31m=[32m"p-2 border-b cursor-pointer flex justify-between"[31m
                [36m>[31m
                  [36m<div>[31m
                    [36m<div[31m
                      [33mclass[31m=[32m"font-medium"[31m
                    [36m>[31m
                      [0mDatabase Connection Errors[0m
                    [36m</div>[31m
                    [36m<div[31m
                      [33mclass[31m=[32m"text-xs text-muted-foreground"[31m
                    [36m>[31m
                      [0morders-db-cluster[0m
                    [36m</div>[31m
                  [36m</div>[31m
                  [36m<div[31m
                    [33mclass[31m=[32m"text-right"[31m
                  [36m>[31m
                    [36m<div[31m
                      [33mclass[31m=[32m"text-sm"[31m
                    [36m>[31m
                      [0mPending[0m
                    [36m</div>[31m
                    [36m<div[31m
                      [33mclass[31m=[32m"text-xs"[31m
                    [36m>[31m
                      [0mHigh[0m
                    [36m</div>[31m
                  [36m</div>[31m
                [36m</li>[31m
                [36m<li[31m
                  [33mclass[31m=[32m"p-2 border-b cursor-pointer flex justify-between"[31m
                [36m>[31m
                  [36m<div>[31m
                    [36m<div[31m
                      [33mclass[31m=[32m"font-medium"[31m
                    [36m>[31m
                      [0mFilesystem I/O Wait[0m
                    [36m</div>[31m
                    [36m<div[31m
                      [33mclass[31m=[32m"text-xs text-muted-foreground"[31m
                    [36m>[31m
                      [0mstorage-node-12[0m
                    [36m</div>[31m
                  [36m</div>[31m
                  [36m<div[31m
                    [33mclass[31m=[32m"text-right"[31m
                  [36m>[31m
                    [36m<div[31m
                      [33mclass[31m=[32m"text-sm"[31m
                    [36m>[31m
                      [0mPending[0m
                    [36m</div>[31m
                    [36m<div[31m
                      [33mclass[31m=[32m"text-xs"[31m
                    [36m>[31m
                      [0mMedium[0m
                    [36m</div>[31m
                  [36m</div>[31m
                [36m</li>[31m
                [36m<li[31m
                  [33mclass[31m=[32m"p-2 border-b cursor-pointer flex justify-between"[31m
                [36m>[31m
                  [36m<div>[31m
                    [36m<div[31m
                      [33mclass[31m=[32m"font-medium"[31m
                    [36m>[31m
                      [0mService Throttling[0m
                    [36m</div>[31m
                    [36m<div[31m
                      [33mclass[31m=[32m"text-xs text-muted-foreground"[31m
                    [36m>[31m
                      [0mapi-gateway[0m
                    [36m</div>[31m
                  [36m</div>[31m
                  [36m<div[31m
                    [33mclass[31m=[32m"text-right"[31m
                  [36m>[31m
                    [36m<div[31m
                      [33mclass[31m=[32m"text-sm"[31m
                    [36m>[31m
                      [0mPending[0m
                    [36m</div>[31m
                    [36m<div[31m
                      [33mclass[31m=[32m"text-xs"[31m
                    [36m>[31m
                      [0mHigh[0m
                    [36m</div>[31m
                  [36m</div>[31m
                [36m</li>[31m
              [36m</ul>[31m
            [36m</div>[31m
          [36m</div>[31m
          [36m<div[31m
            [33mclass[31m=[32m"glass p-4 rounded border col-span-1"[31m
          [36m>[31m
            [36m<h3[31m
              [33mclass[31m=[32m"font-semibold mb-2"[31m
            [36m>[31m
              [0mExecution / Audit[0m
            [36m</h3>[31m
            [36m<div[31m
              [33mclass[31m=[32m"mb-2"[31m
            [36m>[31m
              [0mSelected: [0m
              [0m—[0m
            [36m</div>[31m
            [36m<div[31m
              [33mclass[31m=[32m"flex gap-2 mb-2"[31m
            [36m>[31m
              [36m<button[31m
                [33mclass[31m=[32m"btn"[31m
                [33mdisabled[31m=[32m""[31m
              [36m>[31m
                [0mForce Success[0m
              [36m</button>[31m
              [36m<button[31m
                [33mclass[31m=[32m"btn"[31m
                [33mdisabled[31m=[32m""[31m
              [36m>[31m
                [0mForce Failure[0m
              [36m</button>[31m
              [36m<button[31m
                [33mclass[31m=[32m"btn"[31m
                [33mdisabled[31m=[32m""[31m
              [36m>[31m
                [0mReset[0m
              [36m</button>[31m
            [36m</div>[31m
            [36m<div[31m
              [33mclass[31m=[32m"text-sm font-medium"[31m
            [36m>[31m
              [0mExecution Steps[0m
            [36m</div>[31m
            [36m<div[31m
              [33mclass[31m=[32m"max-h-36 overflow-auto text-xs mt-2"[31m
            [36m>[31m
              [36m<div[31m
                [33mclass[31m=[32m"italic"[31m
              [36m>[31m
                [0mNo execution steps[0m
              [36m</div>[31m
            [36m</div>[31m
          [36m</div>[31m
          [36m<div[31m
            [33mclass[31m=[32m"glass p-4 rounded border col-span-2"[31m
          [36m>[31m
            [36m<h3[31m
              [33mclass[31m=[32m"font-semibold mb-2"[31m
            [36m>[31m
              [0mRecent Audit Logs[0m
            [36m</h3>[31m
            [36m<div[31m
              [33mclass[31m=[32m"max-h-40 overflow-auto text-xs"[31m
            [36m>[31m
              [36m<div[31m
                [33mclass[31m=[32m"italic"[31m
              [36m>[31m
                [0mNo audit logs[0m
              [36m</div>[31m
            [36m</div>[31m
          [36m</div>[31m
        [36m</div>[31m
      [36m</div>[31m
    [36m</div>[31m
  [36m</body>[31m
[36m</html>[31m[39m

[31m⎯⎯⎯⎯⎯⎯⎯[1m[7m Failed Tests 1 [27m[22m⎯⎯⎯⎯⎯⎯⎯[39m

[31m[1m[7m FAIL [27m[22m[39m __tests__/debug.test.tsx[2m > [22minject incident appears and force execution works
[31m[1mTestingLibraryElementError[22m[39m: Unable to find an element with the text: /execution:forced/. This could be because the text is broken up by multiple elements. In this case, you can provide a function for your text matcher to make your matcher more flexible.

Ignored nodes: comments, script, style
[36m<body>[39m
  [36m<div>[39m
    [36m<div[39m
      [33mclass[39m=[32m"p-6 max-w-screen-lg mx-auto"[39m
    [36m>[39m
      [36m<h2[39m
        [33mclass[39m=[32m"text-xl font-bold mb-4"[39m
      [36m>[39m
        [0mSimulation Control Center (Dev)[0m
      [36m</h2>[39m
      [36m<div[39m
        [33mclass[39m=[32m"grid grid-cols-2 gap-4"[39m
      [36m>[39m
        [36m<div[39m
          [33mclass[39m=[32m"glass p-4 rounded border"[39m
        [36m>[39m
          [36m<h3[39m
            [33mclass[39m=[32m"font-semibold mb-2"[39m
          [36m>[39m
            [0mSystem Controls[0m
          [36m</h3>[39m
          [36m<label[39m
            [33mclass[39m=[32m"block text-sm mb-2"[39m
          [36m>[39m
            [0mFailure rate: [0m
            [0m0[0m
            [0m%[0m
          [36m</label>[39m
          [36m<input[39m
            [33mmax[39m=[32m"1"[39m
            [33mmin[39m=[32m"0"[39m
            [33mstep[39m=[32m"0.01"[39m
            [33mtype[39m=[32m"range"[39m
            [33mvalue[39m=[32m"0"[39m
          [36m/>[39m
          [36m<div[39m
            [33mclass[39m=[32m"flex items-center gap-2 mt-2"[39m
          [36m>[39m
            [36m<label[39m
              [33mclass[39m=[32m"flex items-center gap-2"[39m
            [36m>[39m
              [0mEnable failures[0m
              [36m<input[39m
                [33mtype[39m=[32m"checkbox"[39m
              [36m/>[39m
            [36m</label>[39m
          [36m</div>[39m
          [36m<div[39m
            [33mclass[39m=[32m"mt-4"[39m
          [36m>[39m
            [36m<label[39m
              [33mclass[39m=[32m"block text-sm"[39m
            [36m>[39m
              [0mPolling interval (ms)[0m
            [36m</label>[39m
            [36m<input[39m
              [33mclass[39m=[32m"w-32 p-1 border rounded mt-1"[39m
              [33mtype[39m=[32m"number"[39m
              [33mvalue[39m=[32m"5000"[39m
            [36m/>[39m
            [36m<div[39m
              [33mclass[39m=[32m"text-xs text-muted-foreground mt-1"[39m
            [36m>[39m
              [0mAuto-refresh uses this interval when enabled.[0m
            [36m</div>[39m
          [36m</div>[39m
        [36m</div>[39m
        [36m<div[39m
          [33mclass[39m=[32m"glass p-4 rounded border"[39m
        [36m>[39m
          [36m<h3[39m
            [33mclass[39m=[32m"font-semibold mb-2"[39m
          [36m>[39m
            [0mInject Incident[0m
          [36m</h3>[39m
          [36m<form[39m
            [33mclass[39m=[32m"grid gap-2"[39m
          [36m>[39m
            [36m<input[39m
              [33mclass[39m=[32m"p-2 border rounded"[39m
              [33mname[39m=[32m"anomalyName"[39m
              [33mplaceholder[39m=[32m"Anomaly Name"[39m
            [36m/>[39m
            [36m<input[39m
              [33mclass[39m=[32m"p-2 border rounded"[39m
              [33mname[39m=[32m"resource"[39m
              [33mplaceholder[39m=[32m"Resource"[39m
            [36m/>[39m
            [36m<select[39m
              [33mclass[39m=[32m"p-2 border rounded"[39m
              [33mname[39m=[32m"severity"[39m
            [36m>[39m
              [36m<option>[39m
                [0mLow[0m
              [36m</option>[39m
              [36m<option>[39m
                [0mMedium[0m
              [36m</option>[39m
              [36m<option>[39m
                [0mHigh[0m
              [36m</option>[39m
              [36m<option>[39m
                [0mCritical[0m
              [36m</option>[39m
            [36m</select>[39m
            [36m<input[39m
              [33mclass[39m=[32m"p-2 border rounded"[39m
              [33mmax[39m=[32m"100"[39m
              [33mmin[39m=[32m"0"[39m
              [33mname[39m=[32m"confidence"[39m
              [33mtype[39m=[32m"number"[39m
              [33mvalue[39m=[32m"50"[39m
            [36m/>[39m
            [36m<input[39m
              [33mclass[39m=[32m"p-2 border rounded"[39m
              [33mname[39m=[32m"command"[39m
              [33mplaceholder[39m=[32m"Command"[39m
            [36m/>[39m
            [36m<textarea[39m
              [33mclass[39m=[32m"p-2 border rounded"[39m
              [33mname[39m=[32m"description"[39m
              [33mplaceholder[39m=[32m"Description"[39m
            [36m/>[39m
            [36m<div[39m
              [33mclass[39m=[32m"flex gap-2"[39m
            [36m>[39m
              [36m<button[39m
                [33mclass[39m=[32m"btn"[39m
                [33mtype[39m=[32m"submit"[39m
              [36m>[39m
                [0mInject[0m
              [36m</button>[39m
              [36m<button[39m
                [33mclass[39m=[32m"btn"[39m
                [33mtype[39m=[32m"button"[39m
              [36m>[39m
                [0mReset Data[0m
              [36m</button>[39m
            [36m</div>[39m
          [36m</form>[39m
        [36m</div>[39m
        [36m<div[39m
          [33mclass[39m=[32m"glass p-4 rounded border col-span-1"[39m
        [36m>[39m
          [36m<h3[39m
            [33mclass[39m=[32m"font-semibold mb-2"[39m
          [36m>[39m
            [0mIncidents Snapshot[0m
          [36m</h3>[39m
          [36m<div[39m
            [33mclass[39m=[32m"max-h-72 overflow-auto"[39m
          [36m>[39m
            [36m<ul>[39m
              [36m<li[39m
                [33mclass[39m=[32m"p-2 border-b cursor-pointer flex justify-between"[39m
              [36m>[39m
                [36m<div>[39m
                  [36m<div[39m
                    [33mclass[39m=[32m"font-medium"[39m
                  [36m>[39m
                    [0mTest Injected Anomaly[0m
                  [36m</div>[39m
                  [36m<div[39m
                    [33mclass[39m=[32m"text-xs text-muted-foreground"[39m
                  [36m>[39m
                    [0mtest-node[0m
                  [36m</div>[39m
                [36m</div>[39m
                [36m<div[39m
                  [33mclass[39m=[32m"text-right"[39m
                [36m>[39m
                  [36m<div[39m
                    [33mclass[39m=[32m"text-sm"[39m
                  [36m>[39m
                    [0mPending[0m
                  [36m</div>[39m
                  [36m<div[39m
                    [33mclass[39m=[32m"text-xs"[39m
                  [36m>[39m
                    [0mLow[0m
                  [36m</div>[39m
                [36m</div>[39m
              [36m</li>[39m
              [36m<li[39m
                [33mclass[39m=[32m"p-2 border-b cursor-pointer flex justify-between"[39m
              [36m>[39m
                [36m<div>[39m
                  [36m<div[39m
                    [33mclass[39m=[32m"font-medium"[39m
                  [36m>[39m
                    [0mHigh CPU Usage[0m
                  [36m</div>[39m
                  [36m<div[39m
                    [33mclass[39m=[32m"text-xs text-muted-foreground"[39m
                  [36m>[39m
                    [0mvm-prod-01[0m
                  [36m</div>[39m
                [36m</div>[39m
                [36m<div[39m
                  [33mclass[39m=[32m"text-right"[39m
                [36m>[39m
                  [36m<div[39m
                    [33mclass[39m=[32m"text-sm"[39m
                  [36m>[39m
                    [0mPending[0m
                  [36m</div>[39m
                  [36m<div[39m
                    [33mclass[39m=[32m"text-xs"[39m
                  [36m>[39m
                    [0mHigh[0m
                  [36m</div>[39m
                [36m</div>[39m
              [36m</li>[39m
              [36m<li[39m
                [33mclass[39m=[32m"p-2 border-b cursor-pointer flex justify-between"[39m
              [36m>[39m
                [36m<div>[39m
                  [36m<div[39m
                    [33mclass[39m=[32m"font-medium"[39m
                  [36m>[39m
                    [0mMemory Leak Detected[0m
                  [36m</div>[39m
                  [36m<div[39m
                    [33mclass[39m=[32m"text-xs text-muted-foreground"[39m
                  [36m>[39m
                    [0mservice-payments-2[0m
                  [36m</div>[39m
                [36m</div>[39m
                [36m<div[39m
                  [33mclass[39m=[32m"text-right"[39m
                [36m>[39m
                  [36m<div[39m
                    [33mclass[39m=[32m"text-sm"[39m
                  [36m>[39m
                    [0mPending[0m
                  [36m</div>[39m
                  [36m<div[39m
                    [33mclass[39m=[32m"text-xs"[39m
                  [36m>[39m
                    [0mCritical[0m
                  [36m</div>[39m
                [36m</div>[39m
              [36m</li>[39m
              [36m<li[39m
                [33mclass[39m=[32m"p-2 border-b cursor-pointer flex justify-between"[39m
              [36m>[39m
                [36m<div>[39m
                  [36m<div[39m
                    [33mclass[39m=[32m"font-medium"[39m
                  [36m>[39m
                    [0mDisk Almost Full[0m
                  [36m</div>[39m
                  [36m<div[39m
                    [33mclass[39m=[32m"text-xs text-muted-foreground"[39m
                  [36m>[39m
                    [0mdb-node-03[0m
                  [36m</div>[39m
                [36m</div>[39m
                [36m<div[39m
                  [33mclass[39m=[32m"text-right"[39m
                [36m>[39m
                  [36m<div[39m
                    [33mclass[39m=[32m"text-sm"[39m
                  [36m>[39m
                    [0mPending[0m
                  [36m</div>[39m
                  [36m<div[39m
                    [33mclass[39m=[32m"text-xs"[39m
                  [36m>[39m
                    [0mMedium[0m
                  [36m</div>[39m
                [36m</div>[39m
              [36m</li>[39m
              [36m<li[39m
                [33mclass[39m=[32m"p-2 border-b cursor-pointer flex justify-between"[39m
              [36m>[39m
                [36m<div>[39m
                  [36m<div[39m
                    [33mclass[39m=[32m"font-medium"[39m
                  [36m>[39m
                    [0mPod CrashLoopBackOff[0m
                  [36m</div>[39m
                  [36m<div[39m
                    [33mclass[39m=[32m"text-xs text-muted-foreground"[39m
                  [36m>[39m
                    [0mk8s/payment-api-7f8b9[0m
                  [36m</div>[39m
                [36m</div>[39m
                [36m<div[39m
                  [33mclass[39m=[32m"text-right"[39m
                [36m>[39m
                  [36m<div[39m
                    [33mclass[39m=[32m"text-sm"[39m
                  [36m>[39m
                    [0mPending[0m
                  [36m</div>[39m
                  [36m<div[39m
                    [33mclass[39m=[32m"text-xs"[39m
                  [36m>[39m
                    [0mHigh[0m
                  [36m</div>[39m
                [36m</div>[39m
              [36m</li>[39m
              [36m<li[39m
                [33mclass[39m=[32m"p-2 border-b cursor-pointer flex justify-between"[39m
              [36m>[39m
                [36m<div>[39m
                  [36m<div[39m
                    [33mclass[39m=[32m"font-medium"[39m
                  [36m>[39m
                    [0mNetwork Latency Spike[0m
                  [36m</div>[39m
                  [36m<div[39m
                    [33mclass[39m=[32m"text-xs text-muted-foreground"[39m
                  [36m>[39m
                    [0mus-east-1-router-2[0m
                  [36m</div>[39m
                [36m</div>[39m
                [36m<div[39m
                  [33mclass[39m=[32m"text-right"[39m
                [36m>[39m
                  [36m<div[39m
                    [33mclass[39m=[32m"text-sm"[39m
                  [36m>[39m
                    [0mPending[0m
                  [36m</div>[39m
                  [36m<div[39m
                    [33mclass[39m=[32m"text-xs"[39m
                  [36m>[39m
                    [0mMedium[0m
                  [36m</div>[39m
                [36m</div>[39m
              [36m</li>[39m
              [36m<li[39m
                [33mclass[39m=[32m"p-2 border-b cursor-pointer flex justify-between"[39m
              [36m>[39m
                [36m<div>[39m
                  [36m<div[39m
                    [33mclass[39m=[32m"font-medium"[39m
                  [36m>[39m
                    [0mUnauthorized Access Attempt[0m
                  [36m</div>[39m
                  [36m<div[39m
                    [33mclass[39m=[32m"text-xs text-muted-foreground"[39m
                  [36m>[39m
                    [0mauth-gateway[0m
                  [36m</div>[39m
                [36m</div>[39m
                [36m<div[39m
                  [33mclass[39m=[32m"text-right"[39m
                [36m>[39m
                  [36m<div[39m
                    [33mclass[39m=[32m"text-sm"[39m
                  [36m>[39m
                    [0mPending[0m
                  [36m</div>[39m
                  [36m<div[39m
                    [33mclass[39m=[32m"text-xs"[39m
                  [36m>[39m
                    [0mCritical[0m
                  [36m</div>[39m
                [36m</div>[39m
              [36m</li>[39m
              [36m<li[39m
                [33mclass[39m=[32m"p-2 border-b cursor-pointer flex justify-between"[39m
              [36m>[39m
                [36m<div>[39m
                  [36m<div[39m
                    [33mclass[39m=[32m"font-medium"[39m
                  [36m>[39m
                    [0mHigh Garbage Collection[0m
                  [36m</div>[39m
                  [36m<div[39m
                    [33mclass[39m=[32m"text-xs text-muted-foreground"[39m
                  [36m>[39m
                    [0mjava-app-4[0m
                  [36m</div>[39m
                [36m</div>[39m
                [36m<div[39m
                  [33mclass[39m=[32m"text-right"[39m
                [36m>[39m
                  [36m<div[39m
                    [33mclass[39m=[32m"text-sm"[39m
                  [36m>[39m
                    [0mPending[0m
                  [36m</div>[39m
                  [36m<div[39m
                    [33mclass[39m=[32m"text-xs"[39m
                  [36m>[39m
                    [0mLow[0m
                  [36m</div>[39m
                [36m</div>[39m
              [36m</li>[39m
              [36m<li[39m
                [33mclass[39m=[32m"p-2 border-b cursor-pointer flex justify-between"[39m
              [36m>[39m
                [36m<div>[39m
                  [36m<div[39m
                    [33mclass[39m=[32m"font-medium"[39m
                  [36m>[39m
                    [0mDatabase Connection Errors[0m
                  [36m</div>[39m
                  [36m<div[39m
                    [33mclass[39m=[32m"text-xs text-muted-foreground"[39m
                  [36m>[39m
                    [0morders-db-cluster[0m
                  [36m</div>[39m
                [36m</div>[39m
                [36m<div[39m
                  [33mclass[39m=[32m"text-right"[39m
                [36m>[39m
                  [36m<div[39m
                    [33mclass[39m=[32m"text-sm"[39m
                  [36m>[39m
                    [0mPending[0m
                  [36m</div>[39m
                  [36m<div[39m
                    [33mclass[39m=[32m"text-xs"[39m
                  [36m>[39m
                    [0mHigh[0m
                  [36m</div>[39m
                [36m</div>[39m
              [36m</li>[39m
              [36m<li[39m
                [33mclass[39m=[32m"p-2 border-b cursor-pointer flex justify-between"[39m
              [36m>[39m
                [36m<div>[39m
                  [36m<div[39m
                    [33mclass[39m=[32m"font-medium"[39m
                  [36m>[39m
                    [0mFilesystem I/O Wait[0m
                  [36m</div>[39m
                  [36m<div[39m
                    [33mclass[39m=[32m"text-xs text-muted-foreground"[39m
                  [36m>[39m
                    [0mstorage-node-12[0m
                  [36m</div>[39m
                [36m</div>[39m
                [36m<div[39m
                  [33mclass[39m=[32m"text-right"[39m
                [36m>[39m
                  [36m<div[39m
                    [33mclass[39m=[32m"text-sm"[39m
                  [36m>[39m
                    [0mPending[0m
                  [36m</div>[39m
                  [36m<div[39m
                    [33mclass[39m=[32m"text-xs"[39m
                  [36m>[39m
                    [0mMedium[0m
                  [36m</div>[39m
                [36m</div>[39m
              [36m</li>[39m
              [36m<li[39m
                [33mclass[39m=[32m"p-2 border-b cursor-pointer flex justify-between"[39m
              [36m>[39m
                [36m<div>[39m
                  [36m<div[39m
                    [33mclass[39m=[32m"font-medium"[39m
                  [36m>[39m
                    [0mService Throttling[0m
                  [36m</div>[39m
                  [36m<div[39m
                    [33mclass[39m=[32m"text-xs text-muted-foreground"[39m
                  [36m>[39m
                    [0mapi-gateway[0m
                  [36m</div>[39m
                [36m</div>[39m
                [36m<div[39m
                  [33mclass[39m=[32m"text-right"[39m
                [36m>[39m
                  [36m<div[39m
                    [33mclass[39m=[32m"text-sm"[39m
                  [36m>[39m
                    [0mPending[0m
                  [36m</div>[39m
                  [36m<div[39m
                    [33mclass[39m=[32m"text-xs"[39m
                  [36m>[39m
                    [0mHigh[0m
                  [36m</div>[39m
                [36m</div>[39m
              [36m</li>[39m
            [36m</ul>[39m
          [36m</div>[39m
        [36m</div>[39m
        [36m<div[39m
          [33mclass[39m=[32m"glass p-4 rounded border col-span-1"[39m
        [36m>[39m
          [36m<h3[39m
            [33mclass[39m=[32m"font-semibold mb-2"[39m
          [36m>[39m
            [0mExecution / Audit[0m
          [36m</h3>[39m
          [36m<div[39m
            [33mclass[39m=[32m"mb-2"[39m
          [36m>[39m
            [0mSelected: [0m
            [0m—[0m
          [36m</div>[39m
          [36m<div[39m
            [33mclass[39m=[32m"flex gap-2 mb-2"[39m
          [36m>[39m
            [36m<button[39m
              [33mclass[39m=[32m"btn"[39m
              [33mdisabled[39m=[32m""[39m
            [36m>[39m
              [0mForce Success[0m
            [36m</button>[39m
            [36m<button[39m
              [33mclass[39m=[32m"btn"[39m
              [33mdisabled[39m=[32m""[39m
            [36m>[39m
              [0mForce Failure[0m
            [36m</button>[39m
            [36m<button[39m
              [33mclass[39m=[32m"btn"[39m
              [33mdisabled[39m=[32m""[39m
            [36m>[39m
              [0mReset[0m
            [36m</button>[39m
          [36m</div>[39m
          [36m<div[39m
            [33mclass[39m=[32m"text-sm font-medium"[39m
          [36m>[39m
            [0mExecution Steps[0m
          [36m</div>[39m
          [36m<div[39m
            [33mclass[39m=[32m"max-h-36 overflow-auto text-xs mt-2"[39m
          [36m>[39m
            [36m<div[39m
              [33mclass[39m=[32m"italic"[39m
            [36m>[39m
              [0mNo execution steps[0m
            [36m</div>[39m
          [36m</div>[39m
        [36m</div>[39m
        [36m<div[39m
          [33mclass[39m=[32m"glass p-4 rounded border col-span-2"[39m
        [36m>[39m
          [36m<h3[39m
            [33mclass[39m=[32m"font-semibold mb-2"[39m
          [36m>[39m
            [0mRecent Audit Logs[0m
          [36m</h3>[39m
          [36m<div[39m
            [33mclass[39m=[32m"max-h-40 overflow-auto text-xs"[39m
          [36m>[39m
            [36m<div[39m
              [33mclass[39m=[32m"italic"[39m
            [36m>[39m
              [0mNo audit logs[0m
            [36m</div>[39m
          [36m</div>[39m
        [36m</div>[39m
      [36m</div>[39m
    [36m</div>[39m
  [36m</div>[39m
[36m</body>[39m

Ignored nodes: comments, script, style
[36m<html>[39m
  [36m<head />[39m
  [36m<body>[39m
    [36m<div>[39m
      [36m<div[39m
        [33mclass[39m=[32m"p-6 max-w-screen-lg mx-auto"[39m
      [36m>[39m
        [36m<h2[39m
          [33mclass[39m=[32m"text-xl font-bold mb-4"[39m
        [36m>[39m
          [0mSimulation Control Center (Dev)[0m
        [36m</h2>[39m
        [36m<div[39m
          [33mclass[39m=[32m"grid grid-cols-2 gap-4"[39m
        [36m>[39m
          [36m<div[39m
            [33mclass[39m=[32m"glass p-4 rounded border"[39m
          [36m>[39m
            [36m<h3[39m
              [33mclass[39m=[32m"font-semibold mb-2"[39m
            [36m>[39m
              [0mSystem Controls[0m
            [36m</h3>[39m
            [36m<label[39m
              [33mclass[39m=[32m"block text-sm mb-2"[39m
            [36m>[39m
              [0mFailure rate: [0m
              [0m0[0m
              [0m%[0m
            [36m</label>[39m
            [36m<input[39m
              [33mmax[39m=[32m"1"[39m
              [33mmin[39m=[32m"0"[39m
              [33mstep[39m=[32m"0.01"[39m
              [33mtype[39m=[32m"range"[39m
              [33mvalue[39m=[32m"0"[39m
            [36m/>[39m
            [36m<div[39m
              [33mclass[39m=[32m"flex items-center gap-2 mt-2"[39m
            [36m>[39m
              [36m<label[39m
                [33mclass[39m=[32m"flex items-center gap-2"[39m
              [36m>[39m
                [0mEnable failures[0m
                [36m<input[39m
                  [33mtype[39m=[32m"checkbox"[39m
                [36m/>[39m
              [36m</label>[39m
            [36m</div>[39m
            [36m<div[39m
              [33mclass[39m=[32m"mt-4"[39m
            [36m>[39m
              [36m<label[39m
                [33mclass[39m=[32m"block text-sm"[39m
              [36m>[39m
                [0mPolling interval (ms)[0m
              [36m</label>[39m
              [36m<input[39m
                [33mclass[39m=[32m"w-32 p-1 border rounded mt-1"[39m
                [33mtype[39m=[32m"number"[39m
                [33mvalue[39m=[32m"5000"[39m
              [36m/>[39m
              [36m<div[39m
                [33mclass[39m=[32m"text-xs text-muted-foreground mt-1"[39m
              [36m>[39m
                [0mAuto-refresh uses this interval when enabled.[0m
              [36m</div>[39m
            [36m</div>[39m
          [36m</div>[39m
          [36m<div[39m
            [33mclass[39m=[32m"glass p-4 rounded border"[39m
          [36m>[39m
            [36m<h3[39m
              [33mclass[39m=[32m"font-semibold mb-2"[39m
            [36m>[39m
              [0mInject Incident[0m
            [36m</h3>[39m
            [36m<form[39m
              [33mclass[39m=[32m"grid gap-2"[39m
            [36m>[39m
              [36m<input[39m
                [33mclass[39m=[32m"p-2 border rounded"[39m
                [33mname[39m=[32m"anomalyName"[39m
                [33mplaceholder[39m=[32m"Anomaly Name"[39m
              [36m/>[39m
              [36m<input[39m
                [33mclass[39m=[32m"p-2 border rounded"[39m
                [33mname[39m=[32m"resource"[39m
                [33mplaceholder[39m=[32m"Resource"[39m
              [36m/>[39m
              [36m<select[39m
                [33mclass[39m=[32m"p-2 border rounded"[39m
                [33mname[39m=[32m"severity"[39m
              [36m>[39m
                [36m<option>[39m
                  [0mLow[0m
                [36m</option>[39m
                [36m<option>[39m
                  [0mMedium[0m
                [36m</option>[39m
                [36m<option>[39m
                  [0mHigh[0m
                [36m</option>[39m
                [36m<option>[39m
                  [0mCritical[0m
                [36m</option>[39m
              [36m</select>[39m
              [36m<input[39m
                [33mclass[39m=[32m"p-2 border rounded"[39m
                [33mmax[39m=[32m"100"[39m
                [33mmin[39m=[32m"0"[39m
                [33mname[39m=[32m"confidence"[39m
                [33mtype[39m=[32m"number"[39m
                [33mvalue[39m=[32m"50"[39m
              [36m/>[39m
              [36m<input[39m
                [33mclass[39m=[32m"p-2 border rounded"[39m
                [33mname[39m=[32m"command"[39m
                [33mplaceholder[39m=[32m"Command"[39m
              [36m/>[39m
              [36m<textarea[39m
                [33mclass[39m=[32m"p-2 border rounded"[39m
                [33mname[39m=[32m"description"[39m
                [33mplaceholder[39m=[32m"Description"[39m
              [36m/>[39m
              [36m<div[39m
                [33mclass[39m=[32m"flex gap-2"[39m
              [36m>[39m
                [36m<button[39m
                  [33mclass[39m=[32m"btn"[39m
                  [33mtype[39m=[32m"submit"[39m
                [36m>[39m
                  [0mInject[0m
                [36m</button>[39m
                [36m<button[39m
                  [33mclass[39m=[32m"btn"[39m
                  [33mtype[39m=[32m"button"[39m
                [36m>[39m
                  [0mReset Data[0m
                [36m</button>[39m
              [36m</div>[39m
            [36m</form>[39m
          [36m</div>[39m
          [36m<div[39m
            [33mclass[39m=[32m"glass p-4 rounded border col-span-1"[39m
          [36m>[39m
            [36m<h3[39m
              [33mclass[39m=[32m"font-semibold mb-2"[39m
            [36m>[39m
              [0mIncidents Snapshot[0m
            [36m</h3>[39m
            [36m<div[39m
              [33mclass[39m=[32m"max-h-72 overflow-auto"[39m
            [36m>[39m
              [36m<ul>[39m
                [36m<li[39m
                  [33mclass[39m=[32m"p-2 border-b cursor-pointer flex justify-between"[39m
                [36m>[39m
                  [36m<div>[39m
                    [36m<div[39m
                      [33mclass[39m=[32m"font-medium"[39m
                    [36m>[39m
                      [0mTest Injected Anomaly[0m
                    [36m</div>[39m
                    [36m<div[39m
                      [33mclass[39m=[32m"text-xs text-muted-foreground"[39m
                    [36m>[39m
                      [0mtest-node[0m
                    [36m</div>[39m
                  [36m</div>[39m
                  [36m<div[39m
                    [33mclass[39m=[32m"text-right"[39m
                  [36m>[39m
                    [36m<div[39m
                      [33mclass[39m=[32m"text-sm"[39m
                    [36m>[39m
                      [0mPending[0m
                    [36m</div>[39m
                    [36m<div[39m
                      [33mclass[39m=[32m"text-xs"[39m
                    [36m>[39m
                      [0mLow[0m
                    [36m</div>[39m
                  [36m</div>[39m
                [36m</li>[39m
                [36m<li[39m
                  [33mclass[39m=[32m"p-2 border-b cursor-pointer flex justify-between"[39m
                [36m>[39m
                  [36m<div>[39m
                    [36m<div[39m
                      [33mclass[39m=[32m"font-medium"[39m
                    [36m>[39m
                      [0mHigh CPU Usage[0m
                    [36m</div>[39m
                    [36m<div[39m
                      [33mclass[39m=[32m"text-xs text-muted-foreground"[39m
                    [36m>[39m
                      [0mvm-prod-01[0m
                    [36m</div>[39m
                  [36m</div>[39m
                  [36m<div[39m
                    [33mclass[39m=[32m"text-right"[39m
                  [36m>[39m
                    [36m<div[39m
                      [33mclass[39m=[32m"text-sm"[39m
                    [36m>[39m
                      [0mPending[0m
                    [36m</div>[39m
                    [36m<div[39m
                      [33mclass[39m=[32m"text-xs"[39m
                    [36m>[39m
                      [0mHigh[0m
                    [36m</div>[39m
                  [36m</div>[39m
                [36m</li>[39m
                [36m<li[39m
                  [33mclass[39m=[32m"p-2 border-b cursor-pointer flex justify-between"[39m
                [36m>[39m
                  [36m<div>[39m
                    [36m<div[39m
                      [33mclass[39m=[32m"font-medium"[39m
                    [36m>[39m
                      [0mMemory Leak Detected[0m
                    [36m</div>[39m
                    [36m<div[39m
                      [33mclass[39m=[32m"text-xs text-muted-foreground"[39m
                    [36m>[39m
                      [0mservice-payments-2[0m
                    [36m</div>[39m
                  [36m</div>[39m
                  [36m<div[39m
                    [33mclass[39m=[32m"text-right"[39m
                  [36m>[39m
                    [36m<div[39m
                      [33mclass[39m=[32m"text-sm"[39m
                    [36m>[39m
                      [0mPending[0m
                    [36m</div>[39m
                    [36m<div[39m
                      [33mclass[39m=[32m"text-xs"[39m
                    [36m>[39m
                      [0mCritical[0m
                    [36m</div>[39m
                  [36m</div>[39m
                [36m</li>[39m
                [36m<li[39m
                  [33mclass[39m=[32m"p-2 border-b cursor-pointer flex justify-between"[39m
                [36m>[39m
                  [36m<div>[39m
                    [36m<div[39m
                      [33mclass[39m=[32m"font-medium"[39m
                    [36m>[39m
                      [0mDisk Almost Full[0m
                    [36m</div>[39m
                    [36m<div[39m
                      [33mclass[39m=[32m"text-xs text-muted-foreground"[39m
                    [36m>[39m
                      [0mdb-node-03[0m
                    [36m</div>[39m
                  [36m</div>[39m
                  [36m<div[39m
                    [33mclass[39m=[32m"text-right"[39m
                  [36m>[39m
                    [36m<div[39m
                      [33mclass[39m=[32m"text-sm"[39m
                    [36m>[39m
                      [0mPending[0m
                    [36m</div>[39m
                    [36m<div[39m
                      [33mclass[39m=[32m"text-xs"[39m
                    [36m>[39m
                      [0mMedium[0m
                    [36m</div>[39m
                  [36m</div>[39m
                [36m</li>[39m
                [36m<li[39m
                  [33mclass[39m=[32m"p-2 border-b cursor-pointer flex justify-between"[39m
                [36m>[39m
                  [36m<div>[39m
                    [36m<div[39m
                      [33mclass[39m=[32m"font-medium"[39m
                    [36m>[39m
                      [0mPod CrashLoopBackOff[0m
                    [36m</div>[39m
                    [36m<div[39m
                      [33mclass[39m=[32m"text-xs text-muted-foreground"[39m
                    [36m>[39m
                      [0mk8s/payment-api-7f8b9[0m
                    [36m</div>[39m
                  [36m</div>[39m
                  [36m<div[39m
                    [33mclass[39m=[32m"text-right"[39m
                  [36m>[39m
                    [36m<div[39m
                      [33mclass[39m=[32m"text-sm"[39m
                    [36m>[39m
                      [0mPending[0m
                    [36m</div>[39m
                    [36m<div[39m
                      [33mclass[39m=[32m"text-xs"[39m
                    [36m>[39m
                      [0mHigh[0m
                    [36m</div>[39m
                  [36m</div>[39m
                [36m</li>[39m
                [36m<li[39m
                  [33mclass[39m=[32m"p-2 border-b cursor-pointer flex justify-between"[39m
                [36m>[39m
                  [36m<div>[39m
                    [36m<div[39m
                      [33mclass[39m=[32m"font-medium"[39m
                    [36m>[39m
                      [0mNetwork Latency Spike[0m
                    [36m</div>[39m
                    [36m<div[39m
                      [33mclass[39m=[32m"text-xs text-muted-foreground"[39m
                    [36m>[39m
                      [0mus-east-1-router-2[0m
                    [36m</div>[39m
                  [36m</div>[39m
                  [36m<div[39m
                    [33mclass[39m=[32m"text-right"[39m
                  [36m>[39m
                    [36m<div[39m
                      [33mclass[39m=[32m"text-sm"[39m
                    [36m>[39m
                      [0mPending[0m
                    [36m</div>[39m
                    [36m<div[39m
                      [33mclass[39m=[32m"text-xs"[39m
                    [36m>[39m
                      [0mMedium[0m
                    [36m</div>[39m
                  [36m</div>[39m
                [36m</li>[39m
                [36m<li[39m
                  [33mclass[39m=[32m"p-2 border-b cursor-pointer flex justify-between"[39m
                [36m>[39m
                  [36m<div>[39m
                    [36m<div[39m
                      [33mclass[39m=[32m"font-medium"[39m
                    [36m>[39m
                      [0mUnauthorized Access Attempt[0m
                    [36m</div>[39m
                    [36m<div[39m
                      [33mclass[39m=[32m"text-xs text-muted-foreground"[39m
                    [36m>[39m
                      [0mauth-gateway[0m
                    [36m</div>[39m
                  [36m</div>[39m
                  [36m<div[39m
                    [33mclass[39m=[32m"text-right"[39m
                  [36m>[39m
                    [36m<div[39m
                      [33mclass[39m=[32m"text-sm"[39m
                    [36m>[39m
                      [0mPending[0m
                    [36m</div>[39m
                    [36m<div[39m
                      [33mclass[39m=[32m"text-xs"[39m
                    [36m>[39m
                      [0mCritical[0m
                    [36m</div>[39m
                  [36m</div>[39m
                [36m</li>[39m
                [36m<li[39m
                  [33mclass[39m=[32m"p-2 border-b cursor-pointer flex justify-between"[39m
                [36m>[39m
                  [36m<div>[39m
                    [36m<div[39m
                      [33mclass[39m=[32m"font-medium"[39m
                    [36m>[39m
                      [0mHigh Garbage Collection[0m
                    [36m</div>[39m
                    [36m<div[39m
                      [33mclass[39m=[32m"text-xs text-muted-foreground"[39m
                    [36m>[39m
                      [0mjava-app-4[0m
                    [36m</div>[39m
                  [36m</div>[39m
                  [36m<div[39m
                    [33mclass[39m=[32m"text-right"[39m
                  [36m>[39m
                    [36m<div[39m
                      [33mclass[39m=[32m"text-sm"[39m
                    [36m>[39m
                      [0mPending[0m
                    [36m</div>[39m
                    [36m<div[39m
                      [33mclass[39m=[32m"text-xs"[39m
                    [36m>[39m
                      [0mLow[0m
                    [36m</div>[39m
                  [36m</div>[39m
                [36m</li>[39m
                [36m<li[39m
                  [33mclass[39m=[32m"p-2 border-b cursor-pointer flex justify-between"[39m
                [36m>[39m
                  [36m<div>[39m
                    [36m<div[39m
                      [33mclass[39m=[32m"font-medium"[39m
                    [36m>[39m
                      [0mDatabase Connection Errors[0m
                    [36m</div>[39m
                    [36m<div[39m
                      [33mclass[39m=[32m"text-xs text-muted-foreground"[39m
                    [36m>[39m
                      [0morders-db-cluster[0m
                    [36m</div>[39m
                  [36m</div>[39m
                  [36m<div[39m
                    [33mclass[39m=[32m"text-right"[39m
                  [36m>[39m
                    [36m<div[39m
                      [33mclass[39m=[32m"text-sm"[39m
                    [36m>[39m
                      [0mPending[0m
                    [36m</div>[39m
                    [36m<div[39m
                      [33mclass[39m=[32m"text-xs"[39m
                    [36m>[39m
                      [0mHigh[0m
                    [36m</div>[39m
                  [36m</div>[39m
                [36m</li>[39m
                [36m<li[39m
                  [33mclass[39m=[32m"p-2 border-b cursor-pointer flex justify-between"[39m
                [36m>[39m
                  [36m<div>[39m
                    [36m<div[39m
                      [33mclass[39m=[32m"font-medium"[39m
                    [36m>[39m
                      [0mFilesystem I/O Wait[0m
                    [36m</div>[39m
                    [36m<div[39m
                      [33mclass[39m=[32m"text-xs text-muted-foreground"[39m
                    [36m>[39m
                      [0mstorage-node-12[0m
                    [36m</div>[39m
                  [36m</div>[39m
                  [36m<div[39m
                    [33mclass[39m=[32m"text-right"[39m
                  [36m>[39m
                    [36m<div[39m
                      [33mclass[39m=[32m"text-sm"[39m
                    [36m>[39m
                      [0mPending[0m
                    [36m</div>[39m
                    [36m<div[39m
                      [33mclass[39m=[32m"text-xs"[39m
                    [36m>[39m
                      [0mMedium[0m
                    [36m</div>[39m
                  [36m</div>[39m
                [36m</li>[39m
                [36m<li[39m
                  [33mclass[39m=[32m"p-2 border-b cursor-pointer flex justify-between"[39m
                [36m>[39m
                  [36m<div>[39m
                    [36m<div[39m
                      [33mclass[39m=[32m"font-medium"[39m
                    [36m>[39m
                      [0mService Throttling[0m
                    [36m</div>[39m
                    [36m<div[39m
                      [33mclass[39m=[32m"text-xs text-muted-foreground"[39m
                    [36m>[39m
                      [0mapi-gateway[0m
                    [36m</div>[39m
                  [36m</div>[39m
                  [36m<div[39m
                    [33mclass[39m=[32m"text-right"[39m
                  [36m>[39m
                    [36m<div[39m
                      [33mclass[39m=[32m"text-sm"[39m
                    [36m>[39m
                      [0mPending[0m
                    [36m</div>[39m
                    [36m<div[39m
                      [33mclass[39m=[32m"text-xs"[39m
                    [36m>[39m
                      [0mHigh[0m
                    [36m</div>[39m
                  [36m</div>[39m
                [36m</li>[39m
              [36m</ul>[39m
            [36m</div>[39m
          [36m</div>[39m
          [36m<div[39m
            [33mclass[39m=[32m"glass p-4 rounded border col-span-1"[39m
          [36m>[39m
            [36m<h3[39m
              [33mclass[39m=[32m"font-semibold mb-2"[39m
            [36m>[39m
              [0mExecution / Audit[0m
            [36m</h3>[39m
            [36m<div[39m
              [33mclass[39m=[32m"mb-2"[39m
            [36m>[39m
              [0mSelected: [0m
              [0m—[0m
            [36m</div>[39m
            [36m<div[39m
              [33mclass[39m=[32m"flex gap-2 mb-2"[39m
            [36m>[39m
              [36m<button[39m
                [33mclass[39m=[32m"btn"[39m
                [33mdisabled[39m=[32m""[39m
              [36m>[39m
                [0mForce Success[0m
              [36m</button>[39m
              [36m<button[39m
                [33mclass[39m=[32m"btn"[39m
                [33mdisabled[39m=[32m""[39m
              [36m>[39m
                [0mForce Failure[0m
              [36m</button>[39m
              [36m<button[39m
                [33mclass[39m=[32m"btn"[39m
                [33mdisabled[39m=[32m""[39m
              [36m>[39m
                [0mReset[0m
              [36m</button>[39m
            [36m</div>[39m
            [36m<div[39m
              [33mclass[39m=[32m"text-sm font-medium"[39m
            [36m>[39m
              [0mExecution Steps[0m
            [36m</div>[39m
            [36m<div[39m
              [33mclass[39m=[32m"max-h-36 overflow-auto text-xs mt-2"[39m
            [36m>[39m
              [36m<div[39m
                [33mclass[39m=[32m"italic"[39m
              [36m>[39m
                [0mNo execution steps[0m
              [36m</div>[39m
            [36m</div>[39m
          [36m</div>[39m
          [36m<div[39m
            [33mclass[39m=[32m"glass p-4 rounded border col-span-2"[39m
          [36m>[39m
            [36m<h3[39m
              [33mclass[39m=[32m"font-semibold mb-2"[39m
            [36m>[39m
              [0mRecent Audit Logs[0m
            [36m</h3>[39m
            [36m<div[39m
              [33mclass[39m=[32m"max-h-40 overflow-auto text-xs"[39m
            [36m>[39m
              [36m<div[39m
                [33mclass[39m=[32m"italic"[39m
              [36m>[39m
                [0mNo audit logs[0m
              [36m</div>[39m
            [36m</div>[39m
          [36m</div>[39m
        [36m</div>[39m
      [36m</div>[39m
    [36m</div>[39m
  [36m</body>[39m
[36m</html>[39m
[90m [2m❯[22m Proxy.waitForWrapper node_modules/@testing-library/react/node_modules/@testing-library/dom/dist/wait-for.js:[2m163:27[22m[39m
[36m [2m❯[22m __tests__/debug.test.tsx:[2m77:9[22m[39m
    [90m 75| [39m
    [90m 76| [39m  [90m// audit logs should contain execution:forced[39m
    [90m 77| [39m  [35mawait[39m [34mwaitFor[39m(() [33m=>[39m {
    [90m   | [39m        [31m^[39m
    [90m 78| [39m    [35mconst[39m log [33m=[39m screen[33m.[39m[34mgetByText[39m([36m/execution:forced/[39m)[33m;[39m
    [90m 79| [39m    [34mexpect[39m(log)[33m.[39m[34mtoBeTruthy[39m()[33m;[39m

[31m[2m⎯⎯⎯⎯⎯⎯⎯⎯⎯⎯⎯⎯⎯⎯⎯⎯⎯⎯⎯⎯⎯⎯⎯⎯[1/1]⎯[22m[39m

[31m⎯⎯⎯⎯⎯⎯[1m[7m Unhandled Errors [27m[22m⎯⎯⎯⎯⎯⎯[39m
[31m[1m
Vitest caught 3 unhandled errors during the test run.
This might cause false positive tests. Resolve unhandled errors to make sure your tests are not affected.[22m[39m

[31m⎯⎯⎯⎯[1m[7m Unhandled Rejection [27m[22m⎯⎯⎯⎯⎯[39m
[31m[1mTypeError[22m: fetchAudit is not a function[39m
[36m [2m❯[22m src/pages/debug.tsx:[2m27:32[22m[39m
    [90m 25| [39m    [35mconst[39m res [33m=[39m [35mawait[39m mockApi[33m.[39m[34mfetchIncidents[39m()[33m;[39m
    [90m 26| [39m    [34msetIncidents[39m(res[33m.[39mdata [33m??[39m res)[33m;[39m
    [90m 27| [39m    [35mconst[39m logs [33m=[39m [35mawait[39m mockApi[33m.[39m[34mfetchAudit[39m()[33m;[39m
    [90m   | [39m                               [31m^[39m
    [90m 28| [39m    [34msetAudit[39m(logs[33m.[39m[34mslice[39m([34m0[39m[33m,[39m [34m50[39m))[33m;[39m
    [90m 29| [39m  }[33m,[39m [])[33m;[39m

[31mThis error originated in "[1m__tests__/debug.test.tsx[22m" test file. It doesn't mean the error was thrown inside the file itself, but while it was running.[39m
[31mThe latest test that might've caused the error is "[1minject incident appears and force execution works[22m". It might mean one of the following:
- The error was thrown, while Vitest was running this test.
- If the error occurred after the test had been completed, this was the last documented test before it was thrown.[39m

[31m⎯⎯⎯⎯[1m[7m Unhandled Rejection [27m[22m⎯⎯⎯⎯⎯[39m
[31m[1mTypeError[22m: fetchAudit is not a function[39m
[36m [2m❯[22m src/pages/debug.tsx:[2m27:32[22m[39m
    [90m 25| [39m    [35mconst[39m res [33m=[39m [35mawait[39m mockApi[33m.[39m[34mfetchIncidents[39m()[33m;[39m
    [90m 26| [39m    [34msetIncidents[39m(res[33m.[39mdata [33m??[39m res)[33m;[39m
    [90m 27| [39m    [35mconst[39m logs [33m=[39m [35mawait[39m mockApi[33m.[39m[34mfetchAudit[39m()[33m;[39m
    [90m   | [39m                               [31m^[39m
    [90m 28| [39m    [34msetAudit[39m(logs[33m.[39m[34mslice[39m([34m0[39m[33m,[39m [34m50[39m))[33m;[39m
    [90m 29| [39m  }[33m,[39m [])[33m;[39m

[31mThis error originated in "[1m__tests__/debug.test.tsx[22m" test file. It doesn't mean the error was thrown inside the file itself, but while it was running.[39m
[31mThe latest test that might've caused the error is "[1minject incident appears and force execution works[22m". It might mean one of the following:
- The error was thrown, while Vitest was running this test.
- If the error occurred after the test had been completed, this was the last documented test before it was thrown.[39m

[31m⎯⎯⎯⎯[1m[7m Unhandled Rejection [27m[22m⎯⎯⎯⎯⎯[39m
[31m[1mTypeError[22m: fetchAudit is not a function[39m
[36m [2m❯[22m src/pages/debug.tsx:[2m27:32[22m[39m
    [90m 25| [39m    [35mconst[39m res [33m=[39m [35mawait[39m mockApi[33m.[39m[34mfetchIncidents[39m()[33m;[39m
    [90m 26| [39m    [34msetIncidents[39m(res[33m.[39mdata [33m??[39m res)[33m;[39m
    [90m 27| [39m    [35mconst[39m logs [33m=[39m [35mawait[39m mockApi[33m.[39m[34mfetchAudit[39m()[33m;[39m
    [90m   | [39m                               [31m^[39m
    [90m 28| [39m    [34msetAudit[39m(logs[33m.[39m[34mslice[39m([34m0[39m[33m,[39m [34m50[39m))[33m;[39m
    [90m 29| [39m  }[33m,[39m [])[33m;[39m
[90m [2m❯[22m runNextTicks node:internal/process/task_queues:[2m64:5[22m[39m
[90m [2m❯[22m processTimers node:internal/timers:[2m538:9[22m[39m
[90m [2m❯[22m handleInject src/pages/debug.tsx:[2m78:5[22m[39m

[31mThis error originated in "[1m__tests__/debug.test.tsx[22m" test file. It doesn't mean the error was thrown inside the file itself, but while it was running.[39m
[31mThe latest test that might've caused the error is "[1minject incident appears and force execution works[22m". It might mean one of the following:
- The error was thrown, while Vitest was running this test.
- If the error occurred after the test had been completed, this was the last documented test before it was thrown.[39m
[31m⎯⎯⎯⎯⎯⎯⎯⎯⎯⎯⎯⎯⎯⎯⎯⎯⎯⎯⎯⎯⎯⎯⎯⎯⎯⎯⎯⎯⎯⎯[39m

[2m Test Files [22m [1m[31m1 failed[39m[22m[2m | [22m[1m[32m7 passed[39m[22m[90m (8)[39m
[2m      Tests [22m [1m[31m1 failed[39m[22m[2m | [22m[1m[32m46 passed[39m[22m[90m (47)[39m
[2m     Errors [22m [1m[31m3 errors[39m[22m
[2m   Start at [22m 13:51:41
[2m   Duration [22m 4.86s[2m (transform 653ms, setup 1.67s, collect 5.32s, tests 2.76s, environment 7.68s, prepare 2.65s)[22m

